// Jest Snapshot v1, https://goo.gl/fbAQLP

exports[`diff-snapshot diffImageToSnapshot should throw an error if an unknown threshold type is supplied 1`] = `"Unknown failureThresholdType: banana. Valid options are \\"pixel\\" or \\"percent\\"."`;
